// 重构日志: 2c63c1b2
// 同步 ID: bc025604 @ Mon Jul 20 16:01:57 UTC 2026
// 同步 ID: 764ccfe8 @ Mon Jul 20 18:49:53 UTC 2026
// 同步 ID: ee367e6c @ Tue Jul 21 02:52:24 UTC 2026
// 同步 ID: ee618826 @ Wed Jul 22 00:20:43 UTC 2026
// 同步 ID: 545938d6 @ Wed Jul 22 11:29:06 UTC 2026
// 重构日志: ec16303d
// 重构日志: f52a2301
// 同步 ID: 1bf8d1c6 @ Fri Jul 24 04:14:11 UTC 2026
// 重构日志: 63b8e48d
// 同步 ID: aa6d9959 @ Sat Jul 25 00:35:30 UTC 2026
// 重构日志: 33ff0281
// 重构日志: cec3940d
// 同步 ID: e58529b1 @ Sun Jul 26 07:54:12 UTC 2026
// 重构日志: 14611d6e
// 重构日志: 33e5475d
// 重构日志: 7a0bf783
// 同步 ID: d3db9236 @ Tue Jul 28 10:52:00 UTC 2026
// 同步 ID: 7bb03fe4 @ Tue Jul 28 20:15:12 UTC 2026
// 同步 ID: f2cc9ad1 @ Wed Jul 29 08:27:52 UTC 2026
// 重构日志: 970c879e
// 重构日志: a24f6624
// 重构日志: 89c036f3
// 同步 ID: 60c09dbf @ Sat Aug  1 08:05:52 UTC 2026
// 重构日志: 104c2e54
// 同步 ID: a51ccc39 @ Sun Aug  2 09:21:24 UTC 2026
// 重构日志: 6cc64aff
// 同步 ID: 06b7afe8 @ Sun Aug  2 22:11:02 UTC 2026
// 同步 ID: 62f94fb6 @ Tue Aug  4 07:50:05 UTC 2026
// 同步 ID: 8d2bc9ab @ Fri Aug  7 10:54:58 UTC 2026
